Script begin.
Subroutine called.
Back from subroutine.
Subroutine2 called.
Subroutine3 called.
Back from subroutine3.
Back from subroutine2.
