atom_group[ N1 C2 C3 N4 C5 N6 C7 N8 C9 O11 N19 H20 H21 H22 H31 H32 ]
atom_group[ C10 C12 C13 O14 C15 O16 C17 O18 H23 H24 H25 H26 H27 H28 H29 H30 ]
atom_group[ N1 ]
atom_group[ N4 ]
atom_group[ N6 ]
atom_group[ N8 ]
atom_group[ N19 H31 H32 ]
