atom_group[ C1 C2 C3 C4 N5 C6 C7 C8 C9 H10 H11 H12 H13 H14 H15 H16 ]
atom_group[ N5 H12 ]
