Created empty molecule named Test.
Minimizing internal clashes...
Adjusted internal clashes: 0 cu.A.
Atom C1 has bond angles: 90 135 135
Atom C2 has bond angles: 90 135 135
Atom C3 has bond angles: 90 135 135
Atom C4 has bond angles: 90 135 135
Saved test/received/cyclobutadiene.received.sdf

