309 MRENNQSSTLEFILLGVTGQQEQEDFFYILFLFIYPITLIGNLLIVLAICSDVRLHNPMYFLLANLSLVDIFFSSVTIPKMLANHLLGSKSISFGGCLTQMYFMIALGNTDSYILAAMAYDRAVAISRPLHYTTIMSPRSCIWLIAGSWVIGNANALPHTLLTASLSFCGNQEVANFYCDITPLLKLSCSDIHFHVKMMYLGVGIFSVPLLCIIVSYIRVFSTVFQVPSTKGVLKAFSTCGSHLTVVSLYYGTVMGTYFRPLTNYSLKDAVITVMYTAVTPMLNPFIYSLRNRDMKAALRKLFNKRISS
Searching for motifs...
Found MRENNQSSTL motif at 188
Found HTPMYFFL motif at 139
Found PKML motif at 196
Found MAYDRYVAICXPLXY motif at 118
Found HFFCD motif at 176
Found GRXKAFSTCASHLXVV motif at 232
Found PMLNPLIYSLRNKD motif at 281
Found terminal motif at 293
