   A R N D C U E Q G H I K L M F P S T W Y V 
A  ██░░▒▒░░████░░▒▒██▓▓██░░████▓▓██▒▒▒▒▓▓▓▓██
R  ░░██████░░░░████░░▓▓▒▒██▒▒░░░░░░▓▓██░░░░░░
N  ▒▒██████▒▒▒▒████▒▒██▒▒██▒▒▒▒░░▒▒████░░░░▒▒
D  ░░██████░░░░████░░▓▓░░██░░░░░░░░████░░░░░░
C  ██░░▒▒░░████░░▒▒██▓▓██░░████▓▓██▒▒▒▒▓▓▓▓██
U  ██░░▒▒░░████░░▒▒██▓▓██░░████▓▓██▒▒▒▒▓▓▓▓██
E  ░░██████░░░░████░░▓▓░░██░░▒▒░░▒▒████░░░░▒▒
Q  ▒▒██████▒▒▒▒████▒▒██▒▒██▒▒▒▒░░▒▒████░░░░▒▒
G  ██░░▒▒░░████░░▒▒██▓▓██░░████▓▓██▒▒▒▒▓▓▓▓██
H  ▓▓▓▓██▓▓▓▓▓▓▓▓██▓▓██▓▓▓▓▓▓▓▓██▓▓▓▓▓▓████▓▓
I  ██▒▒▒▒░░████░░▒▒██▓▓██▒▒████▓▓██▒▒▒▒▓▓▓▓██
K  ░░██████░░░░████░░▓▓▒▒██▒▒░░  ░░▓▓██    ░░
L  ██▒▒▒▒░░████░░▒▒██▓▓██▒▒████▓▓██▒▒▒▒▓▓▓▓██
M  ██░░▒▒░░████▒▒▒▒██▓▓██░░████▓▓██▒▒▒▒▓▓▓▓██
F  ▓▓░░░░░░▓▓▓▓░░░░▓▓██▓▓  ▓▓▓▓██▓▓    ████▓▓
P  ██░░▒▒░░████▒▒▒▒██▓▓██░░████▓▓██▒▒▒▒▓▓▓▓██
S  ▒▒▓▓████▒▒▒▒████▒▒▓▓▒▒▓▓▒▒▒▒  ▒▒████    ▒▒
T  ▒▒██████▒▒▒▒████▒▒▓▓▒▒██▒▒▒▒  ▒▒████    ▒▒
W  ▓▓░░░░░░▓▓▓▓░░░░▓▓██▓▓  ▓▓▓▓██▓▓    ████▓▓
Y  ▓▓░░░░░░▓▓▓▓░░░░▓▓██▓▓  ▓▓▓▓██▓▓    ████▓▓
V  ██░░▒▒░░████▒▒▒▒██▓▓██░░████▓▓██▒▒▒▒▓▓▓▓██
