Created empty molecule named Test.
Added a carbon atom. Its location is [0,0,0].
Added another carbon atom. Its location is [0,1.539,0].
Added an oxygen atom. Its location is [1.039,2.139,0].
Added another carbon atom. Its location is [-1.333,2.31,0].
Hydrogenated.
hbond
                                              =                                              
                                 +++=====================+++                                 
                           +++++=============================+++++                           
                       +++++++=========iiiiiiiiiiiiiii=========+++++++                       
                    ::++++++========iiiiiiiiiiiiiiiiiiiii========++++++::                    
                 ::::+++++=======iiiiiiiiiiiiiiiiiiiiiiiiiii=======+++++::::                 
               :::::+++++=======iiiiiiiiiiinnnnnnniiiiiiiiiii=======+++++:::::               
             ':::::+++++=======iiiiiiiiinnnnnnnnnnnnniiiiiiiii=======+++++:::::'             
           ''':::::+++++======iiiiiiiiinnnnnnnnnnnnnnniiiiiiiii======+++++:::::'''           
         ''''':::::+++++======iiiiiiiinnnnnnnnnnnnnnnnniiiiiiii======+++++:::::'''''         
        '''''':::::+++++======iiiiiiiinnnnnnnnnnnnnnnnniiiiiiii======+++++:::::''''''        
      ..'''''':::::+++++======iiiiiiiiinnnnnnnnnnnnnnniiiiiiiii======+++++:::::''''''..      
     ....''''':::::++++++======iiiiiiiiiinnnnnnnnnnniiiiiiiiii======++++++:::::'''''....     
    .....'''''':::::++++++======iiiiiiiiiiiiiiiiiiiiiiiiiiiii======++++++:::::''''''.....    
   .......'''''::::::++++++=======iiiiiiiiiiiiiiiiiiiiiiiii=======++++++::::::'''''.......   
    .......'''''::::::++++++======iiiiiiiiiiiiiiiiiiiiiiiii======++++++::::::'''''.......    
     .......'''''':::::+++++=======iiiiiiiiiiiiiiiiiiiiiii=======+++++:::::''''''.......     
      .......''''':::::++++++======iiiiiiiiiiiiiiiiiiiiiii======++++++:::::'''''.......      
       .......''''':::::+++++======iiiiiiiiiiiiiiiiiiiiiii======+++++:::::'''''.......       
        ......''''':::::+++++======iiiiiiiiiiiiiiiiiiiiiii======+++++:::::'''''......        
         .....''''':::::+++++=======iiiiiiiiiiiiiiiiiiiii=======+++++:::::'''''.....         
         ......'''':::::+++++=======iiiiiiiiiiiiiiiiiiiii=======+++++:::::''''......         
         ......'''':::::+++++=======iiiiiiiiiiiiiiiiiiiii=======+++++:::::''''......         
         ......'''':::::+++++=======iiiiiiiiiiiiiiiiiiiii=======+++++:::::''''......         
         .....''''':::::+++++=======iiiiiiiiiiiiiiiiiiiii=======+++++:::::'''''.....         
        ......''''':::::+++++======iiiiiiiiiiiiiiiiiiiiiii======+++++:::::'''''......        
       .......''''':::::+++++======iiiiiiiiiiiiiiiiiiiiiii======+++++:::::'''''.......       
      .......''''':::::++++++======iiiiiiiiiiiiiiiiiiiiiii======++++++:::::'''''.......      
     .......'''''':::::+++++=======iiiiiiiiiiiiiiiiiiiiiii=======+++++:::::''''''.......     
    .......'''''::::::++++++======iiiiiiiiiiiiiiiiiiiiiiiii======++++++::::::'''''.......    
   .......'''''::::::++++++=======iiiiiiiiiiiiiiiiiiiiiiiii=======++++++::::::'''''.......   
    .....'''''':::::++++++======iiiiiiiiiiiiiiiiiiiiiiiiiiiii======++++++:::::''''''.....    
     ....''''':::::++++++======iiiiiiiiiinnnnnnnnnnniiiiiiiiii======++++++:::::'''''....     
      ..'''''':::::+++++======iiiiiiiiinnnnnnnnnnnnnnniiiiiiiii======+++++:::::''''''..      
        '''''':::::+++++======iiiiiiiinnnnnnnnnnnnnnnnniiiiiiii======+++++:::::''''''        
         ''''':::::+++++======iiiiiiiinnnnnnnnnnnnnnnnniiiiiiii======+++++:::::'''''         
           ''':::::+++++======iiiiiiiiinnnnnnnnnnnnnnniiiiiiiii======+++++:::::'''           
             ':::::+++++=======iiiiiiiiinnnnnnnnnnnnniiiiiiiii=======+++++:::::'             
               :::::+++++=======iiiiiiiiiiinnnnnnniiiiiiiiiii=======+++++:::::               
                 ::::+++++=======iiiiiiiiiiiiiiiiiiiiiiiiiii=======+++++::::                 
                    ::++++++========iiiiiiiiiiiiiiiiiiiii========++++++::                    
                       +++++++=========iiiiiiiiiiiiiii=========+++++++                       
                           +++++=============================+++++                           
                                 +++=====================+++                                 
                                              =                                              
Binding energy: -23.1706 out of an optimal -21 kJ/mol.
