Atom has Z=1 with valence of 1 and geometry of 2 and belongs to family 1.
Creating a hydroxyl radical...
Atom O has polarity of -1.24 and its H has polarity 1.24.
Creating a sulfhydryl radical...
Atom S has thio of -1 and its H has thio 1.
