Bond C2-C3 can flip.
Bond C2-C11 can rotate.
Bond C3-C4 can flip.
Bond C4-C5 can flip.
Bond C5-C8 can flip.
Bond C6-C7 can flip.
Bond C8-C9 can rotate.
Bond C8-C10 can rotate.
