Bond N1-C2 can rotate.
Bond C2-C3 can rotate.
Bond N5-C6 can rotate.
Bond C6-C7 can rotate.
Bond C7-O9 can flip.
