Good.
Even better.
42
70
[8.778,-1.451,1.334]
39
[-3.877,-0.897,-1.808]
249
252
[5.817,16.455,6.209]
OR5K1 has MAYDRYVAIC
OR2T11 has MAYDCYVAVC
