Sidechain groups:
residue_group[ Met100 Ile162 Val183 ]
residue_group[ His104 ]
residue_group[ Ser107 ]
residue_group[ Glu110 ]
residue_group[ Phe154 ]
residue_group[ Phe155 ]
residue_group[ Pro157 ]
residue_group[ Leu158 ]
residue_group[ Leu161 ]
residue_group[ Arg164 ]
residue_group[ Val179 Leu257 Leu280 ]
residue_group[ His180 Asn194 ]
residue_group[ Gln181 Ser258 ]
residue_group[ Met184 ]
residue_group[ Lys185 Thr191 ]
residue_group[ Tyr197 ]
residue_group[ Gly198 ]
residue_group[ Thr200 ]
residue_group[ Ala201 ]
residue_group[ Ile202 Met206 ]
residue_group[ Leu203 ]
residue_group[ Leu204 ]
residue_group[ Phe250 Tyr279 ]
residue_group[ Tyr251 ]
residue_group[ Leu254 ]
residue_group[ His261 ]
residue_group[ Arg262 ]
residue_group[ Phe263 ]
residue_group[ Leu282 ]
residue_group[ Pro283 ]

Group pairs:
atom_group[ O4 C3 O5 ] ~ residue_group[ Arg262 ]
atom_group[ C1 H6 H7 H8 C2 H9 H10 ] ~ residue_group[ Gly198 ]

