atom_group[ N6 N7 N8 N9 C18 C19 H21 H30 H32 ]
atom_group[ O1 C10 C11 C12 C13 C14 H20 H22 H23 H24 H25 H26 H27 H29 O4 O3 O2 ]
atom_group[ N6 C16 H28 N5 C15 C17 ]
atom_group[ N9 H31 H32 H31 ]
