atom_group[ N1 C2 C3 C4 C5 C7 H10 H11 H12 H13 H14 ]
atom_group[ C6 C8 C9 H15 H16 ]
atom_group[ N1 H10 ]
