atom_group[ C1 H11 C2 H12 C3 H13 C4 C5 H14 C6 H15 ]
atom_group[ H18 C9 O10 ]
atom_group[ C8 H17 C7 H16 ]
