atom_group[ N1 H8 H9 H10 ] ~ residue_group[ Asp111 ]
atom_group[ N7 H21 H22 H23 ] ~ residue_group[ Asp201 ]
