Sidechain groups:
residue_group[ Val80 Cys115 ]
residue_group[ Met85 ]
residue_group[ His107 ]
residue_group[ Ser108 ]
residue_group[ Asp111 ]
residue_group[ Val112 ]
residue_group[ Phe114 ]
residue_group[ Tyr116 ]
residue_group[ Ser117 ]
residue_group[ Ser118 ]
residue_group[ Val119 ]
residue_group[ Leu120 Pro159 ]
residue_group[ His121 ]
residue_group[ Tyr162 ]
residue_group[ Trp197 ]
residue_group[ Asp201 ]
residue_group[ Leu204 ]
residue_group[ Phe205 ]
residue_group[ Phe206 ]
residue_group[ Ala265 ]
residue_group[ Phe266 ]
residue_group[ Ser269 Asn302 ]
residue_group[ Trp270 ]
residue_group[ Tyr273 ]
residue_group[ Thr274 ]
residue_group[ Ile277 ]
residue_group[ Tyr292 ]
residue_group[ Cys296 ]
residue_group[ Ala299 ]
residue_group[ Tyr300 ]
residue_group[ Ser303 ]
residue_group[ Met305 ]
residue_group[ Asn306 ]

Group pairs:
atom_group[ N1 H8 H9 H10 ] ~ residue_group[ Asp111 ]
atom_group[ N7 H21 H22 H23 ] ~ residue_group[ Asp201 ]
atom_group[ C2 C3 C4 C5 H11 H12 H13 H14 H15 H16 H17 H18 ] ~ residue_group[ Val112 ]
atom_group[ C6 H19 H20 ] ~ residue_group[ Tyr116 ]

