Pattern COH occurs 1 times in molecule.
C2 O1 H21 
