Pattern cc occurs 2 times in molecule.
C4 C5 C5 C4 
