Matched 2 atoms.
Matched 2 atoms.
Pattern C[Cl] occurs 2 times in molecule.
C2 Cl1 C5 Cl6 
