Created empty molecule named Test.
Minimizing internal clashes...
Adjusted internal clashes: 0 cu.A.
Atom C1 has bond angles: 120 120 120
Atom c2 has bond angles: 120 120 120
Atom c3 has bond angles: 120 120 120
Atom c4 has bond angles: 120 120 120
Atom c5 has bond angles: 120 120 120
Atom c6 has bond angles: 120 120 120
Saved test/received/benzene.received.sdf

