Created empty molecule named Test.
Minimizing internal clashes...
Adjusted internal clashes: 0 cu.A.
Atom C1 has bond angles: 120 120 120
Atom c2 has bond angles: 120 120 120
Atom c3 has bond angles: 120 120 120
Atom c4 has bond angles: 120 120 120
Atom c5 has bond angles: 120 120 120
Atom c6 has bond angles: 120 120 120
Atom C7 has bond angles: 109.471 109.471 109.471 109.471 109.471 109.471
Saved test/received/toluene1.received.sdf

