Created empty molecule named nothing.
Created molecule named CC(=O)[O-].
Loaded 0 atoms of CC(=O)[O-] into molecule.
Bond C1 - C2 can rotate.
Bond C2 - O3 can rotate.


Energy level above threshold, SUCCESS.
Saved output.sdf
