Point pt is located at 2,-5,3.
Points pt1 and pt2 are 3.4641 Angstroms apart.
Point pt is not in bounding box [pt1, pt2].
Point pt3 is in bounding box [pt1, pt2].
Points pt and pt1 are 90 degrees apart relative to [0,0,0].
SCoord v from point pt5 has r=3.55809, theta=60.6047, phi=246.371.
Point pt6 from SCoord v is 0 Angstroms from pt5.
Rotation 0 points are 0 degrees apart.
Rotation 5.72958 points are 5.72957 degrees apart.
Rotation 11.4592 points are 11.4592 degrees apart.
Rotation 17.1887 points are 17.1887 degrees apart.
Rotation 22.9183 points are 22.9183 degrees apart.
Rotation 28.6479 points are 28.6479 degrees apart.
Rotation 34.3775 points are 34.3775 degrees apart.
Rotation 40.107 points are 40.107 degrees apart.
Rotation 45.8366 points are 45.8366 degrees apart.
Rotation 51.5662 points are 51.5662 degrees apart.
Rotation 57.2958 points are 57.2958 degrees apart.
Rotation 63.0254 points are 63.0254 degrees apart.
Rotation 68.7549 points are 68.755 degrees apart.
Rotation 74.4845 points are 74.4845 degrees apart.
Rotation 80.2141 points are 80.2141 degrees apart.
Rotation 85.9437 points are 85.9437 degrees apart.
Rotation 91.6733 points are 91.6733 degrees apart.
Rotation 97.4028 points are 97.4028 degrees apart.
Rotation 103.132 points are 103.132 degrees apart.
Rotation 108.862 points are 108.862 degrees apart.
Rotation 114.592 points are 114.592 degrees apart.
Rotation 120.321 points are 120.321 degrees apart.
Rotation 126.051 points are 126.051 degrees apart.
Rotation 131.78 points are 131.78 degrees apart.
Rotation 137.51 points are 137.51 degrees apart.
Rotation 143.239 points are 143.239 degrees apart.
Rotation 148.969 points are 148.969 degrees apart.
Rotation 154.699 points are 154.699 degrees apart.
Rotation 160.428 points are 160.428 degrees apart.
Rotation 166.158 points are 166.158 degrees apart.
Rotation 171.887 points are 171.887 degrees apart.
Rotation 177.617 points are 177.617 degrees apart.
Rotation 183.346 points are 176.653 degrees apart.
Rotation 189.076 points are 170.924 degrees apart.
Rotation 194.806 points are 165.194 degrees apart.
Rotation 200.535 points are 159.465 degrees apart.
Rotation 206.265 points are 153.735 degrees apart.
Rotation 211.994 points are 148.006 degrees apart.
Rotation 217.724 points are 142.276 degrees apart.
Rotation 223.453 points are 136.547 degrees apart.
Rotation 229.183 points are 130.817 degrees apart.
Rotation 234.913 points are 125.087 degrees apart.
Rotation 240.642 points are 119.358 degrees apart.
Rotation 246.372 points are 113.628 degrees apart.
Rotation 252.101 points are 107.899 degrees apart.
Rotation 257.831 points are 102.169 degrees apart.
Rotation 263.56 points are 96.4395 degrees apart.
Rotation 269.29 points are 90.71 degrees apart.
Rotation 275.02 points are 84.9804 degrees apart.
Rotation 280.749 points are 79.2508 degrees apart.
Rotation 286.479 points are 73.5212 degrees apart.
Rotation 292.208 points are 67.7917 degrees apart.
Rotation 297.938 points are 62.0621 degrees apart.
Rotation 303.667 points are 56.3325 degrees apart.
Rotation 309.397 points are 50.6029 degrees apart.
Rotation 315.127 points are 44.8734 degrees apart.
Rotation 320.856 points are 39.1438 degrees apart.
Rotation 326.586 points are 33.4142 degrees apart.
Rotation 332.315 points are 27.6847 degrees apart.
Rotation 338.045 points are 21.9551 degrees apart.
Rotation 343.774 points are 16.2255 degrees apart.
Rotation 349.504 points are 10.496 degrees apart.
Rotation 355.234 points are 4.76637 degrees apart.
Rotation 0 find_3d_angle() gives 0deg find_angle_along_vector() gives 0deg putitback anomaly = 0
Rotation 5.72958 find_3d_angle() gives 5.69165deg find_angle_along_vector() gives -5.72958deg putitback anomaly = 3.45158e-08
Rotation 11.4592 find_3d_angle() gives 11.3831deg find_angle_along_vector() gives -11.4592deg putitback anomaly = 6.364e-08
Rotation 17.1887 find_3d_angle() gives 17.0742deg find_angle_along_vector() gives -17.1887deg putitback anomaly = 7.45298e-08
Rotation 22.9183 find_3d_angle() gives 22.7647deg find_angle_along_vector() gives -22.9183deg putitback anomaly = 3.33911e-08
Rotation 28.6479 find_3d_angle() gives 28.4544deg find_angle_along_vector() gives -28.6479deg putitback anomaly = 1.02612e-08
Rotation 34.3775 find_3d_angle() gives 34.1431deg find_angle_along_vector() gives -34.3775deg putitback anomaly = 2.88109e-08
Rotation 40.107 find_3d_angle() gives 39.8305deg find_angle_along_vector() gives -40.107deg putitback anomaly = 1.46755e-09
Rotation 45.8366 find_3d_angle() gives 45.5163deg find_angle_along_vector() gives -45.8366deg putitback anomaly = 8.42532e-10
Rotation 51.5662 find_3d_angle() gives 51.2003deg find_angle_along_vector() gives -51.5662deg putitback anomaly = 1.06471e-08
Rotation 57.2958 find_3d_angle() gives 56.8821deg find_angle_along_vector() gives -57.2958deg putitback anomaly = 5.70864e-08
Rotation 63.0254 find_3d_angle() gives 62.5612deg find_angle_along_vector() gives -63.0254deg putitback anomaly = 4.77436e-08
Rotation 68.7549 find_3d_angle() gives 68.2371deg find_angle_along_vector() gives -68.7549deg putitback anomaly = 1.35198e-07
Rotation 74.4845 find_3d_angle() gives 73.9094deg find_angle_along_vector() gives -74.4845deg putitback anomaly = 2.46003e-07
Rotation 80.2141 find_3d_angle() gives 79.5771deg find_angle_along_vector() gives -80.2141deg putitback anomaly = 1.20346e-07
Rotation 85.9437 find_3d_angle() gives 85.2395deg find_angle_along_vector() gives -85.9437deg putitback anomaly = 1.51597e-08
Rotation 91.6733 find_3d_angle() gives 90.8955deg find_angle_along_vector() gives -91.6733deg putitback anomaly = 1.18831e-07
Rotation 97.4028 find_3d_angle() gives 96.5436deg find_angle_along_vector() gives -97.4028deg putitback anomaly = 1.1258e-08
Rotation 103.132 find_3d_angle() gives 102.182deg find_angle_along_vector() gives -103.132deg putitback anomaly = 1.29565e-07
Rotation 108.862 find_3d_angle() gives 107.809deg find_angle_along_vector() gives -108.862deg putitback anomaly = 2.54936e-08
Rotation 114.592 find_3d_angle() gives 113.42deg find_angle_along_vector() gives -114.592deg putitback anomaly = 3.50745e-08
Rotation 120.321 find_3d_angle() gives 119.013deg find_angle_along_vector() gives -120.321deg putitback anomaly = 9.01622e-09
Rotation 126.051 find_3d_angle() gives 124.58deg find_angle_along_vector() gives -126.051deg putitback anomaly = 3.22239e-08
Rotation 131.78 find_3d_angle() gives 130.114deg find_angle_along_vector() gives 228.22deg putitback anomaly = 8.42477e-08
Rotation 137.51 find_3d_angle() gives 135.601deg find_angle_along_vector() gives 222.49deg putitback anomaly = 4.04115e-08
Rotation 143.239 find_3d_angle() gives 141.022deg find_angle_along_vector() gives 216.761deg putitback anomaly = 8.78441e-08
Rotation 148.969 find_3d_angle() gives 146.346deg find_angle_along_vector() gives 211.031deg putitback anomaly = 5.14844e-08
Rotation 154.699 find_3d_angle() gives 151.518deg find_angle_along_vector() gives 205.301deg putitback anomaly = 5.76366e-08
Rotation 160.428 find_3d_angle() gives 156.436deg find_angle_along_vector() gives 199.572deg putitback anomaly = 5.68107e-08
Rotation 166.158 find_3d_angle() gives 160.903deg find_angle_along_vector() gives 193.842deg putitback anomaly = 7.16584e-08
Rotation 171.887 find_3d_angle() gives 164.526deg find_angle_along_vector() gives 188.113deg putitback anomaly = 7.02227e-08
Rotation 177.617 find_3d_angle() gives 166.6deg find_angle_along_vector() gives 182.383deg putitback anomaly = 7.29421e-08
Rotation 183.346 find_3d_angle() gives 166.396deg find_angle_along_vector() gives 176.654deg putitback anomaly = 6.31835e-08
Rotation 189.076 find_3d_angle() gives 164.002deg find_angle_along_vector() gives 170.924deg putitback anomaly = 5.86147e-08
Rotation 194.806 find_3d_angle() gives 160.197deg find_angle_along_vector() gives 165.194deg putitback anomaly = 6.86584e-08
Rotation 200.535 find_3d_angle() gives 155.633deg find_angle_along_vector() gives 159.465deg putitback anomaly = 5.78132e-08
Rotation 206.265 find_3d_angle() gives 150.662deg find_angle_along_vector() gives 153.735deg putitback anomaly = 5.344e-08
Rotation 211.994 find_3d_angle() gives 145.46deg find_angle_along_vector() gives 148.006deg putitback anomaly = 8.63988e-08
Rotation 217.724 find_3d_angle() gives 140.117deg find_angle_along_vector() gives 142.276deg putitback anomaly = 5.17212e-08
Rotation 223.453 find_3d_angle() gives 134.682deg find_angle_along_vector() gives 136.547deg putitback anomaly = 9.35079e-08
Rotation 229.183 find_3d_angle() gives 129.186deg find_angle_along_vector() gives 130.817deg putitback anomaly = 1.73661e-09
Rotation 234.913 find_3d_angle() gives 123.646deg find_angle_along_vector() gives 125.087deg putitback anomaly = 2.97883e-07
Rotation 240.642 find_3d_angle() gives 118.074deg find_angle_along_vector() gives 119.358deg putitback anomaly = 2.90595e-07
Rotation 246.372 find_3d_angle() gives 112.478deg find_angle_along_vector() gives 113.628deg putitback anomaly = 1.64872e-07
Rotation 252.101 find_3d_angle() gives 106.864deg find_angle_along_vector() gives 107.899deg putitback anomaly = 3.18146e-07
Rotation 257.831 find_3d_angle() gives 101.235deg find_angle_along_vector() gives 102.169deg putitback anomaly = 3.02869e-07
Rotation 263.56 find_3d_angle() gives 95.5946deg find_angle_along_vector() gives 96.4395deg putitback anomaly = 2.94554e-07
Rotation 269.29 find_3d_angle() gives 89.9451deg find_angle_along_vector() gives 90.7099deg putitback anomaly = 3.00772e-07
Rotation 275.02 find_3d_angle() gives 84.2879deg find_angle_along_vector() gives 84.9804deg putitback anomaly = 3.03083e-07
Rotation 280.749 find_3d_angle() gives 78.6246deg find_angle_along_vector() gives 79.2508deg putitback anomaly = 3.02148e-07
Rotation 286.479 find_3d_angle() gives 72.956deg find_angle_along_vector() gives 73.5212deg putitback anomaly = 3.01911e-07
Rotation 292.208 find_3d_angle() gives 67.2831deg find_angle_along_vector() gives 67.7917deg putitback anomaly = 1.62254e-07
Rotation 297.938 find_3d_angle() gives 61.6066deg find_angle_along_vector() gives 62.0621deg putitback anomaly = 3.19716e-07
Rotation 303.667 find_3d_angle() gives 55.927deg find_angle_along_vector() gives 56.3325deg putitback anomaly = 2.15302e-07
Rotation 309.397 find_3d_angle() gives 50.2449deg find_angle_along_vector() gives 50.6029deg putitback anomaly = 4.99772e-08
Rotation 315.127 find_3d_angle() gives 44.5605deg find_angle_along_vector() gives 44.8734deg putitback anomaly = 4.18915e-08
Rotation 320.856 find_3d_angle() gives 38.8744deg find_angle_along_vector() gives 39.1438deg putitback anomaly = 8.3342e-08
Rotation 326.586 find_3d_angle() gives 33.1868deg find_angle_along_vector() gives 33.4142deg putitback anomaly = 3.26454e-08
Rotation 332.315 find_3d_angle() gives 27.4979deg find_angle_along_vector() gives 27.6847deg putitback anomaly = 3.76983e-08
Rotation 338.045 find_3d_angle() gives 21.8081deg find_angle_along_vector() gives 21.9551deg putitback anomaly = 5.77343e-08
Rotation 343.774 find_3d_angle() gives 16.1175deg find_angle_along_vector() gives 16.2255deg putitback anomaly = 4.20602e-08
Rotation 349.504 find_3d_angle() gives 10.4263deg find_angle_along_vector() gives 10.4959deg putitback anomaly = 6.98008e-08
Rotation 355.234 find_3d_angle() gives 4.73483deg find_angle_along_vector() gives 4.76637deg putitback anomaly = 6.84344e-08
