Molecule has 3 ring(s).
Ring 0 consists of C2 C3 O4 C5 C6 O7 C8 
Ring 1 is aromatic and consists of C5 C6 C9 C10 C11 C12 
Ring 2 consists of C2 C3 O4 C5 C12 C11 C10 C9 C6 O7 C8 
